
> foodieez-junction-gateway-nextjs@0.1.0 build
> next build

ΓÜá Warning: Next.js inferred your workspace root, but it may not be correct.
 We detected multiple lockfiles and selected the directory of E:\Developer\foodieez-junction-gateway-main\package-lock.json as the root directory.
 To silence this warning, set `turbopack.root` in your Next.js config, or consider removing one of the lockfiles if it's not needed.
   See https://nextjs.org/docs/app/api-reference/config/next-config-js/turbopack#root-directory for more information.
 Detected additional lockfiles: 
   * E:\Developer\foodieez-junction-gateway-main\foodieez-junction-gateway-nextjs\package-lock.json

Γû▓ Next.js 16.1.6 (Turbopack, Cache Components)

  Creating an optimized production build ...
Browserslist: browsers data (caniuse-lite) is 9 months old. Please run:
  npx update-browserslist-db@latest
  Why you should do it regularly: https://github.com/browserslist/update-db#readme
Error: Cannot apply unknown utility class `border-border`. Are you using CSS modules or similar and missing `@reference`? https://tailwindcss.com/docs/functions-and-directives#reference-directive
    [at onInvalidCandidate (E:\Developer\foodieez-junction-gateway-main\foodieez-junction-gateway-nextjs\node_modules\tailwindcss\dist\lib.js:21:1314)]
    [at Ee (E:\Developer\foodieez-junction-gateway-main\foodieez-junction-gateway-nextjs\node_modules\tailwindcss\dist\lib.js:16:37066)]
    [at E:\Developer\foodieez-junction-gateway-main\foodieez-junction-gateway-nextjs\node_modules\tailwindcss\dist\lib.js:21:355]
    [at Pr (E:\Developer\foodieez-junction-gateway-main\foodieez-junction-gateway-nextjs\node_modules\tailwindcss\dist\lib.js:3:1733)]
    [at _ (E:\Developer\foodieez-junction-gateway-main\foodieez-junction-gateway-nextjs\node_modules\tailwindcss\dist\lib.js:3:1377)]
    [at Te (E:\Developer\foodieez-junction-gateway-main\foodieez-junction-gateway-nextjs\node_modules\tailwindcss\dist\lib.js:21:172)]
    [at pn (E:\Developer\foodieez-junction-gateway-main\foodieez-junction-gateway-nextjs\node_modules\tailwindcss\dist\lib.js:38:294)]
    [at process.processTicksAndRejections (node:internal/process/task_queues:103:5)]
    [at async dn (E:\Developer\foodieez-junction-gateway-main\foodieez-junction-gateway-nextjs\node_modules\tailwindcss\dist\lib.js:38:631)]
    [at async Xr (E:\Developer\foodieez-junction-gateway-main\foodieez-junction-gateway-nextjs\node_modules\@tailwindcss\node\dist\index.js:10:3417)]

> Build error occurred
Error: Turbopack build failed with 1 errors:
./foodieez-junction-gateway-nextjs/src/app/globals.css
Error evaluating Node.js code
CssSyntaxError: tailwindcss: E:\Developer\foodieez-junction-gateway-main\foodieez-junction-gateway-nextjs\src\app\globals.css:1:1: Cannot apply unknown utility class `border-border`. Are you using CSS modules or similar and missing `@reference`? https://tailwindcss.com/docs/functions-and-directives#reference-directive
    at Input.error (foodieez-junction-gateway-nextjs/node_modules/postcss/lib/input.js:135:16) [E:\Developer\foodieez-junction-gateway-main\foodieez-junction-gateway-nextjs\.next\build\chunks\2a714_7cf2292c._.js:4651:22]
    at Root.error (foodieez-junction-gateway-nextjs/node_modules/postcss/lib/node.js:146:32) [E:\Developer\foodieez-junction-gateway-main\foodieez-junction-gateway-nextjs\.next\build\chunks\2a714_7cf2292c._.js:928:38]
    [at Object.Once (E:\Developer\foodieez-junction-gateway-main\foodieez-junction-gateway-nextjs\node_modules\@tailwindcss\postcss\dist\index.js:10:6913)]
    [at process.processTicksAndRejections (node:internal/process/task_queues:103:5)]
    at async LazyResult.runAsync (foodieez-junction-gateway-nextjs/node_modules/postcss/lib/lazy-result.js:293:11) [E:\Developer\foodieez-junction-gateway-main\foodieez-junction-gateway-nextjs\.next\build\chunks\2a714_7cf2292c._.js:6214:21]
    at async transform (turbopack:///[turbopack-node]/transforms/postcss.ts:70:34) [E:\Developer\foodieez-junction-gateway-main\foodieez-junction-gateway-nextjs\.next\build\chunks\[root-of-the-server]__39151150._.js:147:36]
    at async run (turbopack:///[turbopack-node]/ipc/evaluate.ts:92:23) [E:\Developer\foodieez-junction-gateway-main\foodieez-junction-gateway-nextjs\.next\build\chunks\[root-of-the-server]__843b6aa6._.js:443:31]

Import trace:
  Client Component Browser:
    ./foodieez-junction-gateway-nextjs/src/app/globals.css [Client Component Browser]
    ./foodieez-junction-gateway-nextjs/src/app/layout.tsx [Server Component]


    at async transform (turbopack:///[turbopack-node]/transforms/postcss.ts:70:34) [E:\Developer\foodieez-junction-gateway-main\foodieez-junction-gateway-nextjs\.next\build\chunks\[root-of-the-server]__39151150._.js:147:36])
    at async run (turbopack:///[turbopack-node]/ipc/evaluate.ts:92:23) [E:\Developer\foodieez-junction-gateway-main\foodieez-junction-gateway-nextjs\.next\build\chunks\[root-of-the-server]__843b6aa6._.js:443:31])
